2026-06-19 18:29:26 | INFO     | utils | Logging to logs/all.log
2026-06-19 18:29:26 | INFO     | __main__ | CoRD-Net Ablation Suite | device=auto | batch=2 | steps=2
2026-06-19 18:29:26 | INFO     | __main__ | 
2026-06-19 18:29:26 | INFO     | __main__ | ==============================================================
2026-06-19 18:29:26 | INFO     | __main__ |   E1 — Baseline ConvNeXt
2026-06-19 18:29:26 | INFO     | __main__ | ==============================================================
2026-06-19 18:29:27 | INFO     | utils | ┌─ E1 active modules ──────────────────────────────────┐
2026-06-19 18:29:27 | INFO     | utils | │  ✗  STN (Auto-Localization)                        │
2026-06-19 18:29:27 | INFO     | utils | │  ✗  Dual-Intensity Stem                            │
2026-06-19 18:29:27 | INFO     | utils | │  ✗  Compartment Branches                           │
2026-06-19 18:29:27 | INFO     | utils | │  ✗  Soft ROI Mask (DRP Block)                      │
2026-06-19 18:29:27 | INFO     | utils | │  ✗  Prototype-Guided Refinement (PGR)              │
2026-06-19 18:29:27 | INFO     | utils | │  ✗  Relational Token Coupling (RTC)                │
2026-06-19 18:29:27 | INFO     | utils | │  ✗  Auxiliary Heads                                │
2026-06-19 18:29:27 | INFO     | utils | └────────────────────────────────────────────────────┘
2026-06-19 18:29:27 | INFO     | utils | ┌─ E1 parameter summary ──────────────────────────────┐
2026-06-19 18:29:27 | INFO     | utils | │  Total parameters    : 28,214,885                  │
2026-06-19 18:29:27 | INFO     | utils | │  Trainable parameters: 28,214,885                  │
2026-06-19 18:29:27 | INFO     | utils | └────────────────────────────────────────────────────┘
2026-06-19 18:29:28 | INFO     | trainer |   step 1/2  kl=1.5710 | total=1.5710
2026-06-19 18:29:30 | INFO     | trainer |   step 2/2  kl=1.6168 | total=1.6168
2026-06-19 18:29:30 | INFO     | __main__ |   E1 PASS ✓  final total=1.6168
2026-06-19 18:29:30 | INFO     | __main__ | 
2026-06-19 18:29:30 | INFO     | __main__ | ==============================================================
2026-06-19 18:29:30 | INFO     | __main__ |   E2 — ConvNeXt + Auto-Localization (STN)
2026-06-19 18:29:30 | INFO     | __main__ | ==============================================================
2026-06-19 18:29:30 | INFO     | utils | ┌─ E2 active modules ──────────────────────────────────┐
2026-06-19 18:29:30 | INFO     | utils | │  ✓  STN (Auto-Localization)                        │
2026-06-19 18:29:30 | INFO     | utils | │  ✗  Dual-Intensity Stem                            │
2026-06-19 18:29:30 | INFO     | utils | │  ✗  Compartment Branches                           │
2026-06-19 18:29:30 | INFO     | utils | │  ✗  Soft ROI Mask (DRP Block)                      │
2026-06-19 18:29:30 | INFO     | utils | │  ✗  Prototype-Guided Refinement (PGR)              │
2026-06-19 18:29:30 | INFO     | utils | │  ✗  Relational Token Coupling (RTC)                │
2026-06-19 18:29:30 | INFO     | utils | │  ✗  Auxiliary Heads                                │
2026-06-19 18:29:30 | INFO     | utils | └────────────────────────────────────────────────────┘
2026-06-19 18:29:30 | INFO     | utils | ┌─ E2 parameter summary ──────────────────────────────┐
2026-06-19 18:29:30 | INFO     | utils | │  Total parameters    : 30,738,475                  │
2026-06-19 18:29:30 | INFO     | utils | │  Trainable parameters: 30,738,475                  │
2026-06-19 18:29:30 | INFO     | utils | └────────────────────────────────────────────────────┘
2026-06-19 18:29:32 | INFO     | trainer |   step 1/2  kl=1.6321 | total=1.6321
2026-06-19 18:29:33 | INFO     | trainer |   step 2/2  kl=1.6760 | total=1.6760
2026-06-19 18:29:33 | INFO     | __main__ |   E2 PASS ✓  final total=1.6760
2026-06-19 18:29:33 | INFO     | __main__ | 
2026-06-19 18:29:33 | INFO     | __main__ | ==============================================================
2026-06-19 18:29:33 | INFO     | __main__ |   E3 — E2 + Dual-Intensity Stem
2026-06-19 18:29:33 | INFO     | __main__ | ==============================================================
2026-06-19 18:29:33 | INFO     | utils | ┌─ E3 active modules ──────────────────────────────────┐
2026-06-19 18:29:33 | INFO     | utils | │  ✓  STN (Auto-Localization)                        │
2026-06-19 18:29:33 | INFO     | utils | │  ✓  Dual-Intensity Stem                            │
2026-06-19 18:29:33 | INFO     | utils | │  ✗  Compartment Branches                           │
2026-06-19 18:29:33 | INFO     | utils | │  ✗  Soft ROI Mask (DRP Block)                      │
2026-06-19 18:29:33 | INFO     | utils | │  ✗  Prototype-Guided Refinement (PGR)              │
2026-06-19 18:29:33 | INFO     | utils | │  ✗  Relational Token Coupling (RTC)                │
2026-06-19 18:29:33 | INFO     | utils | │  ✗  Auxiliary Heads                                │
2026-06-19 18:29:33 | INFO     | utils | └────────────────────────────────────────────────────┘
2026-06-19 18:29:33 | INFO     | utils | ┌─ E3 parameter summary ──────────────────────────────┐
2026-06-19 18:29:33 | INFO     | utils | │  Total parameters    : 30,939,996                  │
2026-06-19 18:29:33 | INFO     | utils | │  Trainable parameters: 30,939,996                  │
2026-06-19 18:29:33 | INFO     | utils | └────────────────────────────────────────────────────┘
2026-06-19 18:29:35 | INFO     | trainer |   step 1/2  kl=1.5801 | total=1.5801
2026-06-19 18:29:39 | INFO     | trainer |   step 2/2  kl=1.6830 | total=1.6830
2026-06-19 18:29:39 | INFO     | __main__ |   E3 PASS ✓  final total=1.6830
2026-06-19 18:29:39 | INFO     | __main__ | 
2026-06-19 18:29:39 | INFO     | __main__ | ==============================================================
2026-06-19 18:29:39 | INFO     | __main__ |   E4 — E3 + Compartment Branches
2026-06-19 18:29:39 | INFO     | __main__ | ==============================================================
2026-06-19 18:29:39 | INFO     | utils | ┌─ E4 active modules ──────────────────────────────────┐
2026-06-19 18:29:39 | INFO     | utils | │  ✓  STN (Auto-Localization)                        │
2026-06-19 18:29:39 | INFO     | utils | │  ✓  Dual-Intensity Stem                            │
2026-06-19 18:29:39 | INFO     | utils | │  ✓  Compartment Branches                           │
2026-06-19 18:29:39 | INFO     | utils | │  ✗  Soft ROI Mask (DRP Block)                      │
2026-06-19 18:29:39 | INFO     | utils | │  ✗  Prototype-Guided Refinement (PGR)              │
2026-06-19 18:29:39 | INFO     | utils | │  ✗  Relational Token Coupling (RTC)                │
2026-06-19 18:29:39 | INFO     | utils | │  ✗  Auxiliary Heads                                │
2026-06-19 18:29:39 | INFO     | utils | └────────────────────────────────────────────────────┘
2026-06-19 18:29:39 | INFO     | utils | ┌─ E4 parameter summary ──────────────────────────────┐
2026-06-19 18:29:39 | INFO     | utils | │  Total parameters    : 32,741,727                  │
2026-06-19 18:29:39 | INFO     | utils | │  Trainable parameters: 32,741,727                  │
2026-06-19 18:29:39 | INFO     | utils | └────────────────────────────────────────────────────┘
2026-06-19 18:29:40 | INFO     | trainer |   step 1/2  kl=1.5635 | total=1.5635
2026-06-19 18:29:42 | INFO     | trainer |   step 2/2  kl=1.5213 | total=1.5213
2026-06-19 18:29:42 | INFO     | __main__ |   E4 PASS ✓  final total=1.5213
2026-06-19 18:29:42 | INFO     | __main__ | 
2026-06-19 18:29:42 | INFO     | __main__ | ==============================================================
2026-06-19 18:29:42 | INFO     | __main__ |   E5 — E4 + Soft ROI Mask (DRP Block)
2026-06-19 18:29:42 | INFO     | __main__ | ==============================================================
2026-06-19 18:29:42 | INFO     | utils | ┌─ E5 active modules ──────────────────────────────────┐
2026-06-19 18:29:42 | INFO     | utils | │  ✓  STN (Auto-Localization)                        │
2026-06-19 18:29:42 | INFO     | utils | │  ✓  Dual-Intensity Stem                            │
2026-06-19 18:29:42 | INFO     | utils | │  ✓  Compartment Branches                           │
2026-06-19 18:29:42 | INFO     | utils | │  ✓  Soft ROI Mask (DRP Block)                      │
2026-06-19 18:29:42 | INFO     | utils | │  ✗  Prototype-Guided Refinement (PGR)              │
2026-06-19 18:29:42 | INFO     | utils | │  ✗  Relational Token Coupling (RTC)                │
2026-06-19 18:29:42 | INFO     | utils | │  ✗  Auxiliary Heads                                │
2026-06-19 18:29:42 | INFO     | utils | └────────────────────────────────────────────────────┘
2026-06-19 18:29:42 | INFO     | utils | ┌─ E5 parameter summary ──────────────────────────────┐
2026-06-19 18:29:42 | INFO     | utils | │  Total parameters    : 33,218,209                  │
2026-06-19 18:29:42 | INFO     | utils | │  Trainable parameters: 33,218,209                  │
2026-06-19 18:29:42 | INFO     | utils | └────────────────────────────────────────────────────┘
2026-06-19 18:29:44 | INFO     | trainer |   step 1/2  kl=1.6963 | total=1.6963
2026-06-19 18:29:46 | INFO     | trainer |   step 2/2  kl=2.0007 | total=2.0007
2026-06-19 18:29:46 | INFO     | __main__ |   E5 PASS ✓  final total=2.0007
2026-06-19 18:29:46 | INFO     | __main__ | 
2026-06-19 18:29:46 | INFO     | __main__ | ==============================================================
2026-06-19 18:29:46 | INFO     | __main__ |   E6 — E5 + Prototype-Guided Refinement
2026-06-19 18:29:46 | INFO     | __main__ | ==============================================================
2026-06-19 18:29:46 | INFO     | utils | ┌─ E6 active modules ──────────────────────────────────┐
2026-06-19 18:29:46 | INFO     | utils | │  ✓  STN (Auto-Localization)                        │
2026-06-19 18:29:46 | INFO     | utils | │  ✓  Dual-Intensity Stem                            │
2026-06-19 18:29:46 | INFO     | utils | │  ✓  Compartment Branches                           │
2026-06-19 18:29:46 | INFO     | utils | │  ✓  Soft ROI Mask (DRP Block)                      │
2026-06-19 18:29:46 | INFO     | utils | │  ✓  Prototype-Guided Refinement (PGR)              │
2026-06-19 18:29:46 | INFO     | utils | │  ✗  Relational Token Coupling (RTC)                │
2026-06-19 18:29:46 | INFO     | utils | │  ✗  Auxiliary Heads                                │
2026-06-19 18:29:46 | INFO     | utils | └────────────────────────────────────────────────────┘
2026-06-19 18:29:46 | INFO     | utils | ┌─ E6 parameter summary ──────────────────────────────┐
2026-06-19 18:29:46 | INFO     | utils | │  Total parameters    : 33,746,593                  │
2026-06-19 18:29:46 | INFO     | utils | │  Trainable parameters: 33,746,593                  │
2026-06-19 18:29:46 | INFO     | utils | └────────────────────────────────────────────────────┘
2026-06-19 18:29:48 | INFO     | trainer |   step 1/2  kl=1.8987 | total=2.6063 | proto=0.7075
2026-06-19 18:29:50 | INFO     | trainer |   step 2/2  kl=2.0227 | total=2.6927 | proto=0.6700
2026-06-19 18:29:50 | INFO     | __main__ |   E6 PASS ✓  final total=2.6927
2026-06-19 18:29:50 | INFO     | __main__ | 
2026-06-19 18:29:50 | INFO     | __main__ | ==============================================================
2026-06-19 18:29:50 | INFO     | __main__ |   E7 — E6 + Relational Token Coupling
2026-06-19 18:29:50 | INFO     | __main__ | ==============================================================
2026-06-19 18:29:50 | INFO     | utils | ┌─ E7 active modules ──────────────────────────────────┐
2026-06-19 18:29:50 | INFO     | utils | │  ✓  STN (Auto-Localization)                        │
2026-06-19 18:29:50 | INFO     | utils | │  ✓  Dual-Intensity Stem                            │
2026-06-19 18:29:50 | INFO     | utils | │  ✓  Compartment Branches                           │
2026-06-19 18:29:50 | INFO     | utils | │  ✓  Soft ROI Mask (DRP Block)                      │
2026-06-19 18:29:50 | INFO     | utils | │  ✓  Prototype-Guided Refinement (PGR)              │
2026-06-19 18:29:50 | INFO     | utils | │  ✓  Relational Token Coupling (RTC)                │
2026-06-19 18:29:50 | INFO     | utils | │  ✗  Auxiliary Heads                                │
2026-06-19 18:29:50 | INFO     | utils | └────────────────────────────────────────────────────┘
2026-06-19 18:29:50 | INFO     | utils | ┌─ E7 parameter summary ──────────────────────────────┐
2026-06-19 18:29:50 | INFO     | utils | │  Total parameters    : 34,470,305                  │
2026-06-19 18:29:50 | INFO     | utils | │  Trainable parameters: 34,470,305                  │
2026-06-19 18:29:50 | INFO     | utils | └────────────────────────────────────────────────────┘
2026-06-19 18:29:53 | INFO     | trainer |   step 1/2  kl=1.6453 | total=2.2432 | proto=0.5979
2026-06-19 18:29:56 | INFO     | trainer |   step 2/2  kl=1.9454 | total=2.6749 | proto=0.7295
2026-06-19 18:29:56 | INFO     | __main__ |   E7 PASS ✓  final total=2.6749
2026-06-19 18:29:56 | INFO     | __main__ | 
2026-06-19 18:29:56 | INFO     | __main__ | ==============================================================
2026-06-19 18:29:56 | INFO     | __main__ |   E8 — Full DRP + Auxiliary Heads
2026-06-19 18:29:56 | INFO     | __main__ | ==============================================================
2026-06-19 18:29:57 | INFO     | utils | ┌─ E8 active modules ──────────────────────────────────┐
2026-06-19 18:29:57 | INFO     | utils | │  ✓  STN (Auto-Localization)                        │
2026-06-19 18:29:57 | INFO     | utils | │  ✓  Dual-Intensity Stem                            │
2026-06-19 18:29:57 | INFO     | utils | │  ✓  Compartment Branches                           │
2026-06-19 18:29:57 | INFO     | utils | │  ✓  Soft ROI Mask (DRP Block)                      │
2026-06-19 18:29:57 | INFO     | utils | │  ✓  Prototype-Guided Refinement (PGR)              │
2026-06-19 18:29:57 | INFO     | utils | │  ✓  Relational Token Coupling (RTC)                │
2026-06-19 18:29:57 | INFO     | utils | │  ✓  Auxiliary Heads                                │
2026-06-19 18:29:57 | INFO     | utils | └────────────────────────────────────────────────────┘
2026-06-19 18:29:57 | INFO     | utils | ┌─ E8 parameter summary ──────────────────────────────┐
2026-06-19 18:29:57 | INFO     | utils | │  Total parameters    : 34,548,794                  │
2026-06-19 18:29:57 | INFO     | utils | │  Trainable parameters: 34,548,794                  │
2026-06-19 18:29:57 | INFO     | utils | └────────────────────────────────────────────────────┘
2026-06-19 18:29:59 | INFO     | trainer |   step 1/2  kl=1.5510 | coral=0.7754 | supcon=0.0000 | jsn_med=1.5549 | jsn_lat=1.2264 | osteo=1.0773 | uncert=0.7782 | total=4.2514 | proto=0.7214
2026-06-19 18:30:02 | INFO     | trainer |   step 2/2  kl=1.2074 | coral=0.7158 | supcon=0.1026 | jsn_med=1.2209 | jsn_lat=0.9309 | osteo=1.0989 | uncert=0.4806 | total=3.1708 | proto=0.2882
2026-06-19 18:30:02 | INFO     | __main__ |   E8 PASS ✓  final total=3.1708
2026-06-19 18:30:02 | INFO     | __main__ | 
2026-06-19 18:30:02 | INFO     | __main__ | ==============================================================
2026-06-19 18:30:02 | INFO     | __main__ |   Done — 8 experiment(s) passed ✓
2026-06-19 18:30:02 | INFO     | __main__ | ==============================================================
